// Jest Snapshot v1, https://goo.gl/fbAQLP

exports[`Edit Contact Tests Add contact page is rendering correctly 1`] = `
Object {
  "asFragment": [Function],
  "baseElement": <body>
    <div>
      <div
        class="container-fluid"
      >
        <div
          class="row"
        >
          <h2
            class="text-center bg-dark text-white"
          >
            CONTACT MANAGER
          </h2>
        </div>
        <div
          class="container"
        >
          <div
            class="row"
            style="padding: 35px;"
          >
            <div
              class="col-md-3"
            />
            <div
              class="col-md-6"
              style="background-color: rgb(1, 38, 65); border-radius: 10px 10px 10px 10px; color: rgb(255, 255, 255); padding: 40px;"
            >
              <h4>
                <form>
                  <input
                    hidden=""
                    type="text"
                    value="1"
                  />
                  <label>
                    Name:
                  </label>
                  <input
                    class="form-control"
                    data-testid="name"
                    type="text"
                    value="Sample1"
                  />
                  <label>
                    Mobile:
                  </label>
                  <input
                    class="form-control"
                    data-testid="number"
                    type="text"
                    value="5451651845"
                  />
                  <label>
                    Email:
                  </label>
                  <input
                    class="form-control"
                    data-testid="email"
                    type="text"
                    value="sample1@mail.com"
                  />
                  <div
                    class="text-center"
                  >
                    <button
                      class="btn btn-primary m-2"
                    >
                      Save
                    </button>
                  </div>
                </form>
              </h4>
            </div>
            <div
              class="col-md-3"
            />
          </div>
          <div
            class="row"
          >
            <div
              class="text-center"
            >
              <button
                class="btn btn-primary m-4"
              >
                Back To Contact List
              </button>
            </div>
          </div>
        </div>
      </div>
    </div>
  </body>,
  "container": <div>
    <div
      class="container-fluid"
    >
      <div
        class="row"
      >
        <h2
          class="text-center bg-dark text-white"
        >
          CONTACT MANAGER
        </h2>
      </div>
      <div
        class="container"
      >
        <div
          class="row"
          style="padding: 35px;"
        >
          <div
            class="col-md-3"
          />
          <div
            class="col-md-6"
            style="background-color: rgb(1, 38, 65); border-radius: 10px 10px 10px 10px; color: rgb(255, 255, 255); padding: 40px;"
          >
            <h4>
              <form>
                <input
                  hidden=""
                  type="text"
                  value="1"
                />
                <label>
                  Name:
                </label>
                <input
                  class="form-control"
                  data-testid="name"
                  type="text"
                  value="Sample1"
                />
                <label>
                  Mobile:
                </label>
                <input
                  class="form-control"
                  data-testid="number"
                  type="text"
                  value="5451651845"
                />
                <label>
                  Email:
                </label>
                <input
                  class="form-control"
                  data-testid="email"
                  type="text"
                  value="sample1@mail.com"
                />
                <div
                  class="text-center"
                >
                  <button
                    class="btn btn-primary m-2"
                  >
                    Save
                  </button>
                </div>
              </form>
            </h4>
          </div>
          <div
            class="col-md-3"
          />
        </div>
        <div
          class="row"
        >
          <div
            class="text-center"
          >
            <button
              class="btn btn-primary m-4"
            >
              Back To Contact List
            </button>
          </div>
        </div>
      </div>
    </div>
  </div>,
  "debug": [Function],
  "findAllByAltText": [Function],
  "findAllByDisplayValue": [Function],
  "findAllByLabelText": [Function],
  "findAllByPlaceholderText": [Function],
  "findAllByRole": [Function],
  "findAllByTestId": [Function],
  "findAllByText": [Function],
  "findAllByTitle": [Function],
  "findByAltText": [Function],
  "findByDisplayValue": [Function],
  "findByLabelText": [Function],
  "findByPlaceholderText": [Function],
  "findByRole": [Function],
  "findByTestId": [Function],
  "findByText": [Function],
  "findByTitle": [Function],
  "getAllByAltText": [Function],
  "getAllByDisplayValue": [Function],
  "getAllByLabelText": [Function],
  "getAllByPlaceholderText": [Function],
  "getAllByRole": [Function],
  "getAllByTestId": [Function],
  "getAllByText": [Function],
  "getAllByTitle": [Function],
  "getByAltText": [Function],
  "getByDisplayValue": [Function],
  "getByLabelText": [Function],
  "getByPlaceholderText": [Function],
  "getByRole": [Function],
  "getByTestId": [Function],
  "getByText": [Function],
  "getByTitle": [Function],
  "queryAllByAltText": [Function],
  "queryAllByDisplayValue": [Function],
  "queryAllByLabelText": [Function],
  "queryAllByPlaceholderText": [Function],
  "queryAllByRole": [Function],
  "queryAllByTestId": [Function],
  "queryAllByText": [Function],
  "queryAllByTitle": [Function],
  "queryByAltText": [Function],
  "queryByDisplayValue": [Function],
  "queryByLabelText": [Function],
  "queryByPlaceholderText": [Function],
  "queryByRole": [Function],
  "queryByTestId": [Function],
  "queryByText": [Function],
  "queryByTitle": [Function],
  "rerender": [Function],
  "unmount": [Function],
}
`;
