// Jest Snapshot v1, https://goo.gl/fbAQLP

exports[`Testing ..... component rendering 1`] = `
Object {
  "asFragment": [Function],
  "baseElement": <body>
    <div>
      <div
        class="container-fluid"
      >
        <div
          class="row"
        >
          <h2
            class="text-center bg-dark text-white"
          >
            CONTACT MANAGER
          </h2>
        </div>
        <div
          class="container"
        >
          <div
            class="row"
          >
            <div
              style="float: left; width: 50%;"
            >
              <h2>
                Contact List
              </h2>
            </div>
            <div
              style="float: right; width: 50%;"
            >
              <button
                class="btn btn-primary m-2 float-end"
                id="AddContactLink"
              >
                Add Contact
              </button>
            </div>
          </div>
          <div
            class="row"
          >
            <div
              style="float: left; width: 20%;"
            >
              <input
                class="form-control m-2"
                placeholder="Search Contacts"
                type="text"
                value=""
              />
            </div>
            <div
              style="float: none; width: 20%;"
            >
              <button
                class="btn btn-primary m-2"
              >
                Search
              </button>
            </div>
            <div
              style="float: right; width: 60%;"
            >
              <h2
                class="float-end"
              >
                <select
                  class="form-select m-2 float-end"
                >
                  <option>
                    Sort
                  </option>
                  <option
                    value="name"
                  >
                    Name
                  </option>
                  <option
                    class="Email"
                    data-testid="email-test"
                    value="email"
                  >
                    Email
                  </option>
                </select>
              </h2>
            </div>
          </div>
          <div
            class="row"
          >
            <div />
          </div>
        </div>
      </div>
    </div>
  </body>,
  "container": <div>
    <div
      class="container-fluid"
    >
      <div
        class="row"
      >
        <h2
          class="text-center bg-dark text-white"
        >
          CONTACT MANAGER
        </h2>
      </div>
      <div
        class="container"
      >
        <div
          class="row"
        >
          <div
            style="float: left; width: 50%;"
          >
            <h2>
              Contact List
            </h2>
          </div>
          <div
            style="float: right; width: 50%;"
          >
            <button
              class="btn btn-primary m-2 float-end"
              id="AddContactLink"
            >
              Add Contact
            </button>
          </div>
        </div>
        <div
          class="row"
        >
          <div
            style="float: left; width: 20%;"
          >
            <input
              class="form-control m-2"
              placeholder="Search Contacts"
              type="text"
              value=""
            />
          </div>
          <div
            style="float: none; width: 20%;"
          >
            <button
              class="btn btn-primary m-2"
            >
              Search
            </button>
          </div>
          <div
            style="float: right; width: 60%;"
          >
            <h2
              class="float-end"
            >
              <select
                class="form-select m-2 float-end"
              >
                <option>
                  Sort
                </option>
                <option
                  value="name"
                >
                  Name
                </option>
                <option
                  class="Email"
                  data-testid="email-test"
                  value="email"
                >
                  Email
                </option>
              </select>
            </h2>
          </div>
        </div>
        <div
          class="row"
        >
          <div />
        </div>
      </div>
    </div>
  </div>,
  "debug": [Function],
  "findAllByAltText": [Function],
  "findAllByDisplayValue": [Function],
  "findAllByLabelText": [Function],
  "findAllByPlaceholderText": [Function],
  "findAllByRole": [Function],
  "findAllByTestId": [Function],
  "findAllByText": [Function],
  "findAllByTitle": [Function],
  "findByAltText": [Function],
  "findByDisplayValue": [Function],
  "findByLabelText": [Function],
  "findByPlaceholderText": [Function],
  "findByRole": [Function],
  "findByTestId": [Function],
  "findByText": [Function],
  "findByTitle": [Function],
  "getAllByAltText": [Function],
  "getAllByDisplayValue": [Function],
  "getAllByLabelText": [Function],
  "getAllByPlaceholderText": [Function],
  "getAllByRole": [Function],
  "getAllByTestId": [Function],
  "getAllByText": [Function],
  "getAllByTitle": [Function],
  "getByAltText": [Function],
  "getByDisplayValue": [Function],
  "getByLabelText": [Function],
  "getByPlaceholderText": [Function],
  "getByRole": [Function],
  "getByTestId": [Function],
  "getByText": [Function],
  "getByTitle": [Function],
  "queryAllByAltText": [Function],
  "queryAllByDisplayValue": [Function],
  "queryAllByLabelText": [Function],
  "queryAllByPlaceholderText": [Function],
  "queryAllByRole": [Function],
  "queryAllByTestId": [Function],
  "queryAllByText": [Function],
  "queryAllByTitle": [Function],
  "queryByAltText": [Function],
  "queryByDisplayValue": [Function],
  "queryByLabelText": [Function],
  "queryByPlaceholderText": [Function],
  "queryByRole": [Function],
  "queryByTestId": [Function],
  "queryByText": [Function],
  "queryByTitle": [Function],
  "rerender": [Function],
  "unmount": [Function],
}
`;
